[01Oct2026 19:46:04.576] [main/INFO] [cpw.mods.modlauncher.Launcher/MODLAUNCHER]: ModLauncher running: args [--launchTarget, forgeclientdev, --version, 21.1.251, --assetIndex, 17, --assetsDir, C:\\Users\\Andrewthepika\\.gradle\\caches\\neoformruntime\\assets, --gameDir, ., --fml.fmlVersion, 4.0.44, --fml.mcVersion, 1.21.1, --fml.neoForgeVersion, 21.1.251, --fml.neoFormVersion, 20240808.144430]
[01Oct2026 19:46:04.587] [main/INFO] [cpw.mods.modlauncher.Launcher/MODLAUNCHER]: JVM identified as Eclipse Adoptium OpenJDK 64-Bit Server VM 21.0.12.1+1-LTS
[01Oct2026 19:46:04.588] [main/INFO] [cpw.mods.modlauncher.Launcher/MODLAUNCHER]: ModLauncher 11.0.5+main.901c6ea8 starting: java version 21.0.12.1 by Eclipse Adoptium; OS Windows 10 arch amd64 version 10.0
[01Oct2026 19:46:04.705] [main/INFO] [net.neoforged.fml.loading.ImmediateWindowHandler/]: Loading ImmediateWindowProvider fmlearlywindow
[01Oct2026 19:46:04.923] [main/INFO] [EARLYDISPLAY/]: Trying GL version 4.6
[01Oct2026 19:46:05.181] [main/INFO] [EARLYDISPLAY/]: Requested GL version 4.6 got version 4.6
[01Oct2026 19:46:05.363] [main/INFO] [mixin/]: SpongePowered MIXIN Subsystem Version=0.8.7 Source=union:/C:/Users/Andrewthepika/.gradle/caches/modules-2/files-2.1/net.fabricmc/sponge-mixin/0.15.2+mixin.0.8.7/2af2f021d8e02a0220dc27a7a72b4666d66d44ca/sponge-mixin-0.15.2+mixin.0.8.7.jar%23138!/ Service=ModLauncher Env=CLIENT
[01Oct2026 19:46:05.527] [pool-2-thread-1/INFO] [EARLYDISPLAY/]: GL info: NVIDIA GeForce GTX 1050 Ti/PCIe/SSE2 GL version 4.6.0 NVIDIA 560.94, NVIDIA Corporation
[01Oct2026 19:46:05.778] [main/INFO] [net.neoforged.fml.loading.moddiscovery.locators.JarInJarDependencyLocator/]: Found 2 dependencies adding them to mods collection
[01Oct2026 19:46:05.779] [main/INFO] [net.neoforged.fml.loading.moddiscovery.ModDiscoverer/]: 
     Mod List:
		Name Version (Mod Id)

		Minecraft 1.21.1 (minecraft)
		Minefinity 0.0.0.1 (minefinity)
		NeoForge 21.1.251 (neoforge)
		Wiki Data Exporter 2.2.1+1.21.1 (wiki_exporter)
[01Oct2026 19:46:06.756] [main/INFO] [mixin/]: Compatibility level set to JAVA_21
[01Oct2026 19:46:06.768] [main/INFO] [cpw.mods.modlauncher.LaunchServiceHandler/MODLAUNCHER]: Launching target 'forgeclientdev' with arguments [--version, 21.1.251, --gameDir, ., --assetsDir, C:\Users\Andrewthepika\.gradle\caches\neoformruntime\assets, --assetIndex, 17]
[01Oct2026 19:46:06.816] [main/WARN] [mixin/]: Reference map 'wiki_exporter.refmap.json' for wiki_exporter.mixins.json could not be read. If this is a development environment you can ignore this message
[01Oct2026 19:46:06.816] [main/WARN] [mixin/]: Reference map 'wiki_exporter.refmap.json' for wiki_exporter.render.mixins.json could not be read. If this is a development environment you can ignore this message
[01Oct2026 19:46:06.991] [main/INFO] [MixinExtras|Service/]: Initializing MixinExtras via com.llamalad7.mixinextras.service.MixinExtrasServiceImpl(version=0.5.3).
[01Oct2026 19:46:08.312] [Datafixer Bootstrap/INFO] [com.mojang.datafixers.DataFixerBuilder/]: 229 Datafixer optimizations took 275 milliseconds
[01Oct2026 19:46:12.737] [main/WARN] [net.minecraft.commands.Commands/]: Ambiguity between arguments [teleport, location] and [teleport, destination] with inputs: [0.1 -0.5 .9, 0 0 0]
[01Oct2026 19:46:12.738] [main/WARN] [net.minecraft.commands.Commands/]: Ambiguity between arguments [teleport, location] and [teleport, targets] with inputs: [0.1 -0.5 .9, 0 0 0]
[01Oct2026 19:46:12.740] [main/WARN] [net.minecraft.commands.Commands/]: Ambiguity between arguments [teleport, destination] and [teleport, targets] with inputs: [Player, 0123, @e, dd12be42-52a9-4a91-a8a1-11c01849e498]
[01Oct2026 19:46:12.741] [main/WARN] [net.minecraft.commands.Commands/]: Ambiguity between arguments [teleport, targets] and [teleport, destination] with inputs: [Player, 0123, dd12be42-52a9-4a91-a8a1-11c01849e498]
[01Oct2026 19:46:12.742] [main/WARN] [net.minecraft.commands.Commands/]: Ambiguity between arguments [teleport, targets, location] and [teleport, targets, destination] with inputs: [0.1 -0.5 .9, 0 0 0]
[01Oct2026 19:46:12.864] [Render thread/WARN] [net.minecraft.server.packs.VanillaPackResourcesBuilder/]: Assets URL 'union:/C:/Users/Andrewthepika/IdeaProjects/Minefinity/build/moddev/artifacts/neoforge-21.1.251.jar%23189!/assets/.mcassetsroot' uses unexpected schema
[01Oct2026 19:46:12.864] [Render thread/WARN] [net.minecraft.server.packs.VanillaPackResourcesBuilder/]: Assets URL 'union:/C:/Users/Andrewthepika/IdeaProjects/Minefinity/build/moddev/artifacts/neoforge-21.1.251.jar%23189!/data/.mcassetsroot' uses unexpected schema
[01Oct2026 19:46:12.889] [Render thread/INFO] [com.mojang.authlib.yggdrasil.YggdrasilAuthenticationService/]: Environment: Environment[sessionHost=https://sessionserver.mojang.com, servicesHost=https://api.minecraftservices.com, name=PROD]
[01Oct2026 19:46:12.898] [Render thread/INFO] [net.minecraft.client.Minecraft/]: Setting user: Dev
[01Oct2026 19:46:12.989] [Render thread/INFO] [net.minecraft.client.Minecraft/]: Backend library: LWJGL version 3.3.3+5
[01Oct2026 19:46:13.305] [modloading-worker-0/INFO] [org.sinytra.wiki.exporter.WikiDataExporter/]: Initializing Wiki Exporter
[01Oct2026 19:46:13.319] [modloading-worker-0/INFO] [org.sinytra.wiki.exporter.WikiDataExporter/]: Candidate modules: [metadata, render]
[01Oct2026 19:46:13.324] [modloading-worker-0/INFO] [net.neoforged.neoforge.common.NeoForgeMod/NEOFORGE-MOD]: NeoForge mod loading, version 21.1.251, for MC 1.21.1
[01Oct2026 19:46:13.326] [modloading-worker-0/INFO] [org.sinytra.wiki.exporter.WikiDataExporter/]: Found modules: [render]
[01Oct2026 19:46:14.180] [Render thread/INFO] [net.neoforged.neoforge.gametest.GameTestHooks/]: Enabled Gametest Namespaces: []
[01Oct2026 19:46:14.314] [Render thread/INFO] [net.minecraft.server.packs.resources.ReloadableResourceManager/]: Reloading ResourceManager: vanilla, mod_resources, mod/minefinity, mod/wiki_exporter, mod/neoforge
[01Oct2026 19:46:14.325] [Worker-Main-1/INFO] [net.andrewthepika.minefinity.Minefinity/]: HELLO FROM COMMON SETUP
[01Oct2026 19:46:14.325] [Worker-Main-1/INFO] [net.andrewthepika.minefinity.Minefinity/]: ITEM >> minecraft:iron_ingot
[01Oct2026 19:46:14.401] [Worker-Main-5/INFO] [net.minecraft.client.gui.font.providers.UnihexProvider/]: Found unifont_all_no_pua-15.1.05.hex, loading
[01Oct2026 19:46:14.498] [Worker-Main-3/INFO] [net.andrewthepika.minefinity.Minefinity/]: HELLO FROM CLIENT SETUP
[01Oct2026 19:46:14.498] [Worker-Main-3/INFO] [net.andrewthepika.minefinity.Minefinity/]: MINECRAFT NAME >> Dev
[01Oct2026 19:46:14.526] [Worker-Main-3/INFO] [net.minecraft.client.gui.font.providers.UnihexProvider/]: Found unifont_jp_patch-15.1.05.hex, loading
[01Oct2026 19:46:15.972] [Render thread/WARN] [net.minecraft.client.sounds.SoundEngine/]: Missing sound for event: minecraft:item.goat_horn.play
[01Oct2026 19:46:15.973] [Render thread/WARN] [net.minecraft.client.sounds.SoundEngine/]: Missing sound for event: minecraft:entity.goat.screaming.horn_break
[01Oct2026 19:46:16.010] [Render thread/INFO] [com.mojang.blaze3d.audio.Library/]: OpenAL initialized on device OpenAL Soft on HP M27ha (NVIDIA High Definition Audio)
[01Oct2026 19:46:16.011] [Render thread/INFO] [net.minecraft.client.sounds.SoundEngine/SOUNDS]: Sound engine started
[01Oct2026 19:46:16.129] [Render thread/INFO] [net.minecraft.client.renderer.texture.TextureAtlas/]: Created: 1024x512x4 minecraft:textures/atlas/blocks.png-atlas
[01Oct2026 19:46:16.138] [Render thread/INFO] [net.minecraft.client.renderer.texture.TextureAtlas/]: Created: 256x256x4 minecraft:textures/atlas/signs.png-atlas
[01Oct2026 19:46:16.139] [Render thread/INFO] [net.minecraft.client.renderer.texture.TextureAtlas/]: Created: 512x512x4 minecraft:textures/atlas/shield_patterns.png-atlas
[01Oct2026 19:46:16.139] [Render thread/INFO] [net.minecraft.client.renderer.texture.TextureAtlas/]: Created: 512x512x4 minecraft:textures/atlas/banner_patterns.png-atlas
[01Oct2026 19:46:16.140] [Render thread/INFO] [net.minecraft.client.renderer.texture.TextureAtlas/]: Created: 1024x1024x4 minecraft:textures/atlas/armor_trims.png-atlas
[01Oct2026 19:46:16.144] [Render thread/INFO] [net.minecraft.client.renderer.texture.TextureAtlas/]: Created: 128x64x4 minecraft:textures/atlas/decorated_pot.png-atlas
[01Oct2026 19:46:16.144] [Render thread/INFO] [net.minecraft.client.renderer.texture.TextureAtlas/]: Created: 256x256x4 minecraft:textures/atlas/chest.png-atlas
[01Oct2026 19:46:16.145] [Render thread/INFO] [net.minecraft.client.renderer.texture.TextureAtlas/]: Created: 512x256x4 minecraft:textures/atlas/beds.png-atlas
[01Oct2026 19:46:16.145] [Render thread/INFO] [net.minecraft.client.renderer.texture.TextureAtlas/]: Created: 512x256x4 minecraft:textures/atlas/shulker_boxes.png-atlas
[01Oct2026 19:46:16.333] [Render thread/INFO] [net.minecraft.client.renderer.texture.TextureAtlas/]: Created: 512x256x0 minecraft:textures/atlas/particles.png-atlas
[01Oct2026 19:46:16.334] [Render thread/INFO] [net.minecraft.client.renderer.texture.TextureAtlas/]: Created: 512x256x0 minecraft:textures/atlas/paintings.png-atlas
[01Oct2026 19:46:16.335] [Render thread/INFO] [net.minecraft.client.renderer.texture.TextureAtlas/]: Created: 256x128x0 minecraft:textures/atlas/mob_effects.png-atlas
[01Oct2026 19:46:16.335] [Render thread/INFO] [net.minecraft.client.renderer.texture.TextureAtlas/]: Created: 64x64x0 minecraft:textures/atlas/map_decorations.png-atlas
[01Oct2026 19:46:16.335] [Render thread/INFO] [net.minecraft.client.renderer.texture.TextureAtlas/]: Created: 1024x512x0 minecraft:textures/atlas/gui.png-atlas
[01Oct2026 19:46:16.360] [Render thread/WARN] [net.minecraft.client.renderer.ShaderInstance/]: Shader rendertype_entity_translucent_emissive could not find sampler named Sampler2 in the specified shader program.
[01Oct2026 19:46:16.416] [Render thread/INFO] [net.neoforged.neoforge.client.entity.animation.json.AnimationLoader/]: Loaded 0 entity animations
[01Oct2026 19:46:16.418] [Render thread/INFO] [Wiki Data Exporter/]: Rendering items for namespaces [minecraft, minefinity]
[01Oct2026 19:46:16.610] [Render thread/INFO] [Wiki Data Exporter/]: Rendering 1335 items
[01Oct2026 19:46:21.518] [Render thread/INFO] [org.sinytra.wiki.exporter.WikiDataExporter/]: Finished running module render
[01Oct2026 19:46:21.528] [ForkJoinPool.commonPool-worker-10/INFO] [org.sinytra.wiki.exporter.WikiDataExporter/]: Finished running all modules, shutting down
[01Oct2026 19:46:21.544] [Render thread/INFO] [net.minecraft.client.Minecraft/]: Stopping!
